// Vitest Snapshot v1

exports[`edgeErrorResponse > calls "errorResponse" with correct args 1`] = `
[
  [
    "dummyArg1",
    "dummyArg2",
  ],
]
`;

exports[`edgeErrorResponse > returns a correct value 1`] = `
{
  "body": "dummyErrorResponseBody",
  "headers": {
    "content-type": [
      {
        "value": "application/json",
      },
    ],
  },
  "status": 418,
  "statusDescription": "I'm a teapot",
}
`;
